Standard ML of New Jersey (64-bit) v110.99.2 [built: Sun Mar 20 20:10:23 2022]
[opening hw2_q3.sml]
datatype cell = alive | empty
val is_alive = fn :
  cell * cell * cell -> cell * cell * cell -> cell * cell * cell -> cell
- val test_1 = "Passed" : string
val test_2 = "Passed" : string
val test_3 = "Passed" : string
val test_4 = "Passed" : string
val test_5 = "Passed" : string
val test_6 = "Passed" : string
val test_7 = "Passed" : string
val test_8 = "Passed" : string
val test_9 = "Passed" : string
val test_10 = "Passed" : string
val test_11 = "Passed" : string
val test_12 = "Passed" : string
val test_13 = "Passed" : string
val test_14 = "Passed" : string
val test_15 = "Passed" : string
val test_16 = "Passed" : string
val test_17 = "Passed" : string
val test_18 = "Passed" : string
val test_19 = "Passed" : string
val test_20 = "Passed" : string
val test_21 = "Passed" : string
val test_22 = "Passed" : string
val test_23 = "Passed" : string
val test_24 = "Passed" : string
val test_25 = "Passed" : string
val test_26 = "Passed" : string
val test_27 = "Passed" : string
val test_28 = "Passed" : string
val test_29 = "Passed" : string
val test_30 = "Passed" : string
val test_31 = "Passed" : string
val test_32 = "Passed" : string
val test_33 = "Passed" : string
val test_34 = "Passed" : string
val test_35 = "Passed" : string
val test_36 = "Passed" : string
val test_37 = "Passed" : string
val test_38 = "Passed" : string
val test_39 = "Passed" : string
val test_40 = "Passed" : string
val test_41 = "Passed" : string
val test_42 = "Passed" : string
val test_43 = "Passed" : string
val test_44 = "Passed" : string
val test_45 = "Passed" : string
val test_46 = "Passed" : string
val test_47 = "Passed" : string
val test_48 = "Passed" : string
val test_49 = "Passed" : string
val test_50 = "Passed" : string
val test_51 = "Passed" : string
val test_52 = "Passed" : string
val test_53 = "Passed" : string
val test_54 = "Passed" : string
val test_55 = "Passed" : string
val test_56 = "Passed" : string
val test_57 = "Passed" : string
val test_58 = "Passed" : string
val test_59 = "Passed" : string
val test_60 = "Passed" : string
val test_61 = "Passed" : string
val test_62 = "Passed" : string
val test_63 = "Passed" : string
val test_64 = "Passed" : string
val test_65 = "Passed" : string
val test_66 = "Passed" : string
val test_67 = "Passed" : string
val test_68 = "Passed" : string
val test_69 = "Passed" : string
val test_70 = "Passed" : string
val test_71 = "Passed" : string
val test_72 = "Passed" : string
val test_73 = "Passed" : string
val test_74 = "Passed" : string
val test_75 = "Passed" : string
val test_76 = "Passed" : string
val test_77 = "Passed" : string
val test_78 = "Passed" : string
val test_79 = "Passed" : string
val test_80 = "Passed" : string
val test_81 = "Passed" : string
val test_82 = "Passed" : string
val test_83 = "Passed" : string
val test_84 = "Passed" : string
val test_85 = "Passed" : string
val test_86 = "Passed" : string
val test_87 = "Passed" : string
val test_88 = "Passed" : string
val test_89 = "Passed" : string
val test_90 = "Passed" : string
val test_91 = "Passed" : string
val test_92 = "Passed" : string
val test_93 = "Passed" : string
val test_94 = "Passed" : string
val test_95 = "Passed" : string
val test_96 = "Passed" : string
val test_97 = "Passed" : string
val test_98 = "Passed" : string
val test_99 = "Passed" : string
val test_100 = "Passed" : string
val test_101 = "Passed" : string
val test_102 = "Passed" : string
val test_103 = "Passed" : string
val test_104 = "Passed" : string
val test_105 = "Passed" : string
val test_106 = "Passed" : string
val test_107 = "Passed" : string
val test_108 = "Passed" : string
val test_109 = "Passed" : string
val test_110 = "Passed" : string
val test_111 = "Passed" : string
val test_112 = "Passed" : string
val test_113 = "Passed" : string
val test_114 = "Passed" : string
val test_115 = "Passed" : string
val test_116 = "Passed" : string
val test_117 = "Passed" : string
val test_118 = "Passed" : string
val test_119 = "Passed" : string
val test_120 = "Passed" : string
val test_121 = "Passed" : string
val test_122 = "Passed" : string
val test_123 = "Passed" : string
val test_124 = "Passed" : string
val test_125 = "Passed" : string
val test_126 = "Passed" : string
val test_127 = "Passed" : string
val test_128 = "Passed" : string
val test_129 = "Passed" : string
val test_130 = "Passed" : string
val test_131 = "Passed" : string
val test_132 = "Passed" : string
val test_133 = "Passed" : string
val test_134 = "Passed" : string
val test_135 = "Passed" : string
val test_136 = "Passed" : string
val test_137 = "Passed" : string
val test_138 = "Passed" : string
val test_139 = "Passed" : string
val test_140 = "Passed" : string
val test_141 = "Passed" : string
val test_142 = "Passed" : string
val test_143 = "Passed" : string
val test_144 = "Passed" : string
val test_145 = "Passed" : string
val test_146 = "Passed" : string
val test_147 = "Passed" : string
val test_148 = "Passed" : string
val test_149 = "Passed" : string
val test_150 = "Passed" : string
val test_151 = "Passed" : string
val test_152 = "Passed" : string
val test_153 = "Passed" : string
val test_154 = "Passed" : string
val test_155 = "Passed" : string
val test_156 = "Passed" : string
val test_157 = "Passed" : string
val test_158 = "Passed" : string
val test_159 = "Passed" : string
val test_160 = "Passed" : string
val test_161 = "Passed" : string
val test_162 = "Passed" : string
val test_163 = "Passed" : string
val test_164 = "Passed" : string
val test_165 = "Passed" : string
val test_166 = "Passed" : string
val test_167 = "Passed" : string
val test_168 = "Passed" : string
val test_169 = "Passed" : string
val test_170 = "Passed" : string
val test_171 = "Passed" : string
val test_172 = "Passed" : string
val test_173 = "Passed" : string
val test_174 = "Passed" : string
val test_175 = "Passed" : string
val test_176 = "Passed" : string
val test_177 = "Passed" : string
val test_178 = "Passed" : string
val test_179 = "Passed" : string
val test_180 = "Passed" : string
val test_181 = "Passed" : string
val test_182 = "Passed" : string
val test_183 = "Passed" : string
val test_184 = "Passed" : string
val test_185 = "Passed" : string
val test_186 = "Passed" : string
val test_187 = "Passed" : string
val test_188 = "Passed" : string
val test_189 = "Passed" : string
val test_190 = "Passed" : string
val test_191 = "Passed" : string
val test_192 = "Passed" : string
val test_193 = "Passed" : string
val test_194 = "Passed" : string
val test_195 = "Passed" : string
val test_196 = "Passed" : string
val test_197 = "Passed" : string
val test_198 = "Passed" : string
val test_199 = "Passed" : string
val test_200 = "Passed" : string
val test_201 = "Passed" : string
val test_202 = "Passed" : string
val test_203 = "Passed" : string
val test_204 = "Passed" : string
val test_205 = "Passed" : string
val test_206 = "Passed" : string
val test_207 = "Passed" : string
val test_208 = "Passed" : string
val test_209 = "Passed" : string
val test_210 = "Passed" : string
val test_211 = "Passed" : string
val test_212 = "Passed" : string
val test_213 = "Passed" : string
val test_214 = "Passed" : string
val test_215 = "Passed" : string
val test_216 = "Passed" : string
val test_217 = "Passed" : string
val test_218 = "Passed" : string
val test_219 = "Passed" : string
val test_220 = "Passed" : string
val test_221 = "Passed" : string
val test_222 = "Passed" : string
val test_223 = "Passed" : string
val test_224 = "Passed" : string
val test_225 = "Passed" : string
val test_226 = "Passed" : string
val test_227 = "Passed" : string
val test_228 = "Passed" : string
val test_229 = "Passed" : string
val test_230 = "Passed" : string
val test_231 = "Passed" : string
val test_232 = "Passed" : string
val test_233 = "Passed" : string
val test_234 = "Passed" : string
val test_235 = "Passed" : string
val test_236 = "Passed" : string
val test_237 = "Passed" : string
val test_238 = "Passed" : string
val test_239 = "Passed" : string
val test_240 = "Passed" : string
val test_241 = "Passed" : string
val test_242 = "Passed" : string
val test_243 = "Passed" : string
val test_244 = "Passed" : string
val test_245 = "Passed" : string
val test_246 = "Passed" : string
val test_247 = "Passed" : string
val test_248 = "Passed" : string
val test_249 = "Passed" : string
val test_250 = "Passed" : string
val test_251 = "Passed" : string
val test_252 = "Passed" : string
val test_253 = "Passed" : string
val test_254 = "Passed" : string
val test_255 = "Passed" : string
val test_256 = "Passed" : string
val test_257 = "Passed" : string
val test_258 = "Passed" : string
val test_259 = "Passed" : string
val test_260 = "Passed" : string
val test_261 = "Passed" : string
val test_262 = "Passed" : string
val test_263 = "Passed" : string
val test_264 = "Passed" : string
val test_265 = "Passed" : string
val test_266 = "Passed" : string
val test_267 = "Passed" : string
val test_268 = "Passed" : string
val test_269 = "Passed" : string
val test_270 = "Passed" : string
val test_271 = "Passed" : string
val test_272 = "Passed" : string
val test_273 = "Passed" : string
val test_274 = "Passed" : string
val test_275 = "Passed" : string
val test_276 = "Passed" : string
val test_277 = "Passed" : string
val test_278 = "Passed" : string
val test_279 = "Passed" : string
val test_280 = "Passed" : string
val test_281 = "Passed" : string
val test_282 = "Passed" : string
val test_283 = "Passed" : string
val test_284 = "Passed" : string
val test_285 = "Passed" : string
val test_286 = "Passed" : string
val test_287 = "Passed" : string
val test_288 = "Passed" : string
val test_289 = "Passed" : string
val test_290 = "Passed" : string
val test_291 = "Passed" : string
val test_292 = "Passed" : string
val test_293 = "Passed" : string
val test_294 = "Passed" : string
val test_295 = "Passed" : string
val test_296 = "Passed" : string
val test_297 = "Passed" : string
val test_298 = "Passed" : string
val test_299 = "Passed" : string
val test_300 = "Passed" : string
val test_301 = "Passed" : string
val test_302 = "Passed" : string
val test_303 = "Passed" : string
val test_304 = "Passed" : string
val test_305 = "Passed" : string
val test_306 = "Passed" : string
val test_307 = "Passed" : string
val test_308 = "Passed" : string
val test_309 = "Passed" : string
val test_310 = "Passed" : string
val test_311 = "Passed" : string
val test_312 = "Passed" : string
val test_313 = "Passed" : string
val test_314 = "Passed" : string
val test_315 = "Passed" : string
val test_316 = "Passed" : string
val test_317 = "Passed" : string
val test_318 = "Passed" : string
val test_319 = "Passed" : string
val test_320 = "Passed" : string
val test_321 = "Passed" : string
val test_322 = "Passed" : string
val test_323 = "Passed" : string
val test_324 = "Passed" : string
val test_325 = "Passed" : string
val test_326 = "Passed" : string
val test_327 = "Passed" : string
val test_328 = "Passed" : string
val test_329 = "Passed" : string
val test_330 = "Passed" : string
val test_331 = "Passed" : string
val test_332 = "Passed" : string
val test_333 = "Passed" : string
val test_334 = "Passed" : string
val test_335 = "Passed" : string
val test_336 = "Passed" : string
val test_337 = "Passed" : string
val test_338 = "Passed" : string
val test_339 = "Passed" : string
val test_340 = "Passed" : string
val test_341 = "Passed" : string
val test_342 = "Passed" : string
val test_343 = "Passed" : string
val test_344 = "Passed" : string
val test_345 = "Passed" : string
val test_346 = "Passed" : string
val test_347 = "Passed" : string
val test_348 = "Passed" : string
val test_349 = "Passed" : string
val test_350 = "Passed" : string
val test_351 = "Passed" : string
val test_352 = "Passed" : string
val test_353 = "Passed" : string
val test_354 = "Passed" : string
val test_355 = "Passed" : string
val test_356 = "Passed" : string
val test_357 = "Passed" : string
val test_358 = "Passed" : string
val test_359 = "Passed" : string
val test_360 = "Passed" : string
val test_361 = "Passed" : string
val test_362 = "Passed" : string
val test_363 = "Passed" : string
val test_364 = "Passed" : string
val test_365 = "Passed" : string
val test_366 = "Passed" : string
val test_367 = "Passed" : string
val test_368 = "Passed" : string
val test_369 = "Passed" : string
val test_370 = "Passed" : string
val test_371 = "Passed" : string
val test_372 = "Passed" : string
val test_373 = "Passed" : string
val test_374 = "Passed" : string
val test_375 = "Passed" : string
val test_376 = "Passed" : string
val test_377 = "Passed" : string
val test_378 = "Passed" : string
val test_379 = "Passed" : string
val test_380 = "Passed" : string
val test_381 = "Passed" : string
val test_382 = "Passed" : string
val test_383 = "Passed" : string
val test_384 = "Passed" : string
val test_385 = "Passed" : string
val test_386 = "Passed" : string
val test_387 = "Passed" : string
val test_388 = "Passed" : string
val test_389 = "Passed" : string
val test_390 = "Passed" : string
val test_391 = "Passed" : string
val test_392 = "Passed" : string
val test_393 = "Passed" : string
val test_394 = "Passed" : string
val test_395 = "Passed" : string
val test_396 = "Passed" : string
val test_397 = "Passed" : string
val test_398 = "Passed" : string
val test_399 = "Passed" : string
val test_400 = "Passed" : string
val test_401 = "Passed" : string
val test_402 = "Passed" : string
val test_403 = "Passed" : string
val test_404 = "Passed" : string
val test_405 = "Passed" : string
val test_406 = "Passed" : string
val test_407 = "Passed" : string
val test_408 = "Passed" : string
val test_409 = "Passed" : string
val test_410 = "Passed" : string
val test_411 = "Passed" : string
val test_412 = "Passed" : string
val test_413 = "Passed" : string
val test_414 = "Passed" : string
val test_415 = "Passed" : string
val test_416 = "Passed" : string
val test_417 = "Passed" : string
val test_418 = "Passed" : string
val test_419 = "Passed" : string
val test_420 = "Passed" : string
val test_421 = "Passed" : string
val test_422 = "Passed" : string
val test_423 = "Passed" : string
val test_424 = "Passed" : string
val test_425 = "Passed" : string
val test_426 = "Passed" : string
val test_427 = "Passed" : string
val test_428 = "Passed" : string
val test_429 = "Passed" : string
val test_430 = "Passed" : string
val test_431 = "Passed" : string
val test_432 = "Passed" : string
val test_433 = "Passed" : string
val test_434 = "Passed" : string
val test_435 = "Passed" : string
val test_436 = "Passed" : string
val test_437 = "Passed" : string
val test_438 = "Passed" : string
val test_439 = "Passed" : string
val test_440 = "Passed" : string
val test_441 = "Passed" : string
val test_442 = "Passed" : string
val test_443 = "Passed" : string
val test_444 = "Passed" : string
val test_445 = "Passed" : string
val test_446 = "Passed" : string
val test_447 = "Passed" : string
val test_448 = "Passed" : string
val test_449 = "Passed" : string
val test_450 = "Passed" : string
val test_451 = "Passed" : string
val test_452 = "Passed" : string
val test_453 = "Passed" : string
val test_454 = "Passed" : string
val test_455 = "Passed" : string
val test_456 = "Passed" : string
val test_457 = "Passed" : string
val test_458 = "Passed" : string
val test_459 = "Passed" : string
val test_460 = "Passed" : string
val test_461 = "Passed" : string
val test_462 = "Passed" : string
val test_463 = "Passed" : string
val test_464 = "Passed" : string
val test_465 = "Passed" : string
val test_466 = "Passed" : string
val test_467 = "Passed" : string
val test_468 = "Passed" : string
val test_469 = "Passed" : string
val test_470 = "Passed" : string
val test_471 = "Passed" : string
val test_472 = "Passed" : string
val test_473 = "Passed" : string
val test_474 = "Passed" : string
val test_475 = "Passed" : string
val test_476 = "Passed" : string
val test_477 = "Passed" : string
val test_478 = "Passed" : string
val test_479 = "Passed" : string
val test_480 = "Passed" : string
val test_481 = "Passed" : string
val test_482 = "Passed" : string
val test_483 = "Passed" : string
val test_484 = "Passed" : string
val test_485 = "Passed" : string
val test_486 = "Passed" : string
val test_487 = "Passed" : string
val test_488 = "Passed" : string
val test_489 = "Passed" : string
val test_490 = "Passed" : string
val test_491 = "Passed" : string
val test_492 = "Passed" : string
val test_493 = "Passed" : string
val test_494 = "Passed" : string
val test_495 = "Passed" : string
val test_496 = "Passed" : string
val test_497 = "Passed" : string
val test_498 = "Passed" : string
val test_499 = "Passed" : string
val test_500 = "Passed" : string
val test_501 = "Passed" : string
val test_502 = "Passed" : string
val test_503 = "Passed" : string
val test_504 = "Passed" : string
val test_505 = "Passed" : string
val test_506 = "Passed" : string
val test_507 = "Passed" : string
val test_508 = "Passed" : string
val test_509 = "Passed" : string
val test_510 = "Passed" : string
val test_511 = "Passed" : string
val test_512 = "Passed" : string
- 
